// Jest Snapshot v1, https://goo.gl/fbAQLP

exports[`renders correctly a TextInput component 1`] = `
<span
  className="input"
>
  <label>
    
  </label>
  <input
    onKeyDown={[Function]}
    placeholder=""
    type="text"
    value=""
  />
</span>
`;
