// Jest Snapshot v1, https://goo.gl/fbAQLP

exports[`renders correctly a Button component 1`] = `
<button
  className="button"
  type="button"
>
  Test Button
</button>
`;
